// Jest Snapshot v1, https://goo.gl/fbAQLP

exports[`DeleteTipsModal snapshot 1`] = `<DocumentFragment />`;
